../Drivers/STM32G4xx_HAL_Driver/Src/stm32g4xx_hal_dma.c:64:19:HAL_DMA_Init	24	static
../Drivers/STM32G4xx_HAL_Driver/Src/stm32g4xx_hal_dma.c:175:19:HAL_DMA_DeInit	16	static
../Drivers/STM32G4xx_HAL_Driver/Src/stm32g4xx_hal_dma.c:290:19:HAL_DMA_Start	32	static
../Drivers/STM32G4xx_HAL_Driver/Src/stm32g4xx_hal_dma.c:333:19:HAL_DMA_Start_IT	32	static
../Drivers/STM32G4xx_HAL_Driver/Src/stm32g4xx_hal_dma.c:403:19:HAL_DMA_Abort	24	static
../Drivers/STM32G4xx_HAL_Driver/Src/stm32g4xx_hal_dma.c:462:19:HAL_DMA_Abort_IT	24	static
../Drivers/STM32G4xx_HAL_Driver/Src/stm32g4xx_hal_dma.c:530:19:HAL_DMA_PollForTransfer	32	static
../Drivers/STM32G4xx_HAL_Driver/Src/stm32g4xx_hal_dma.c:660:6:HAL_DMA_IRQHandler	24	static
../Drivers/STM32G4xx_HAL_Driver/Src/stm32g4xx_hal_dma.c:754:19:HAL_DMA_RegisterCallback	32	static
../Drivers/STM32G4xx_HAL_Driver/Src/stm32g4xx_hal_dma.c:805:19:HAL_DMA_UnRegisterCallback	24	static
../Drivers/STM32G4xx_HAL_Driver/Src/stm32g4xx_hal_dma.c:882:22:HAL_DMA_GetState	16	static
../Drivers/STM32G4xx_HAL_Driver/Src/stm32g4xx_hal_dma.c:894:10:HAL_DMA_GetError	16	static
../Drivers/STM32G4xx_HAL_Driver/Src/stm32g4xx_hal_dma.c:920:13:DMA_SetConfig	24	static
../Drivers/STM32G4xx_HAL_Driver/Src/stm32g4xx_hal_dma.c:963:13:DMA_CalcDMAMUXChannelBaseAndMask	32	static
../Drivers/STM32G4xx_HAL_Driver/Src/stm32g4xx_hal_dma.c:1004:13:DMA_CalcDMAMUXRequestGenBaseAndMask	24	static
