../Drivers/STM32G4xx_HAL_Driver/Src/stm32g4xx_hal.c:115:19:HAL_Init	16	static
../Drivers/STM32G4xx_HAL_Driver/Src/stm32g4xx_hal.c:159:19:HAL_DeInit	8	static
../Drivers/STM32G4xx_HAL_Driver/Src/stm32g4xx_hal.c:188:13:HAL_MspInit	4	static
../Drivers/STM32G4xx_HAL_Driver/Src/stm32g4xx_hal.c:199:13:HAL_MspDeInit	4	static
../Drivers/STM32G4xx_HAL_Driver/Src/stm32g4xx_hal.c:222:26:HAL_InitTick	24	static
../Drivers/STM32G4xx_HAL_Driver/Src/stm32g4xx_hal.c:289:13:HAL_IncTick	4	static
../Drivers/STM32G4xx_HAL_Driver/Src/stm32g4xx_hal.c:300:17:HAL_GetTick	4	static
../Drivers/STM32G4xx_HAL_Driver/Src/stm32g4xx_hal.c:309:10:HAL_GetTickPrio	4	static
../Drivers/STM32G4xx_HAL_Driver/Src/stm32g4xx_hal.c:318:19:HAL_SetTickFreq	24	static
../Drivers/STM32G4xx_HAL_Driver/Src/stm32g4xx_hal.c:351:10:HAL_GetTickFreq	4	static
../Drivers/STM32G4xx_HAL_Driver/Src/stm32g4xx_hal.c:367:13:HAL_Delay	24	static
../Drivers/STM32G4xx_HAL_Driver/Src/stm32g4xx_hal.c:393:13:HAL_SuspendTick	4	static
../Drivers/STM32G4xx_HAL_Driver/Src/stm32g4xx_hal.c:409:13:HAL_ResumeTick	4	static
../Drivers/STM32G4xx_HAL_Driver/Src/stm32g4xx_hal.c:419:10:HAL_GetHalVersion	4	static
../Drivers/STM32G4xx_HAL_Driver/Src/stm32g4xx_hal.c:428:10:HAL_GetREVID	4	static
../Drivers/STM32G4xx_HAL_Driver/Src/stm32g4xx_hal.c:437:10:HAL_GetDEVID	4	static
../Drivers/STM32G4xx_HAL_Driver/Src/stm32g4xx_hal.c:446:10:HAL_GetUIDw0	4	static
../Drivers/STM32G4xx_HAL_Driver/Src/stm32g4xx_hal.c:455:10:HAL_GetUIDw1	4	static
../Drivers/STM32G4xx_HAL_Driver/Src/stm32g4xx_hal.c:464:10:HAL_GetUIDw2	4	static
../Drivers/STM32G4xx_HAL_Driver/Src/stm32g4xx_hal.c:493:6:HAL_DBGMCU_EnableDBGSleepMode	4	static
../Drivers/STM32G4xx_HAL_Driver/Src/stm32g4xx_hal.c:502:6:HAL_DBGMCU_DisableDBGSleepMode	4	static
../Drivers/STM32G4xx_HAL_Driver/Src/stm32g4xx_hal.c:511:6:HAL_DBGMCU_EnableDBGStopMode	4	static
../Drivers/STM32G4xx_HAL_Driver/Src/stm32g4xx_hal.c:520:6:HAL_DBGMCU_DisableDBGStopMode	4	static
../Drivers/STM32G4xx_HAL_Driver/Src/stm32g4xx_hal.c:529:6:HAL_DBGMCU_EnableDBGStandbyMode	4	static
../Drivers/STM32G4xx_HAL_Driver/Src/stm32g4xx_hal.c:538:6:HAL_DBGMCU_DisableDBGStandbyMode	4	static
../Drivers/STM32G4xx_HAL_Driver/Src/stm32g4xx_hal.c:570:6:HAL_SYSCFG_CCMSRAMErase	4	static
../Drivers/STM32G4xx_HAL_Driver/Src/stm32g4xx_hal.c:589:6:HAL_SYSCFG_EnableMemorySwappingBank	4	static
../Drivers/STM32G4xx_HAL_Driver/Src/stm32g4xx_hal.c:604:6:HAL_SYSCFG_DisableMemorySwappingBank	4	static
../Drivers/STM32G4xx_HAL_Driver/Src/stm32g4xx_hal.c:622:6:HAL_SYSCFG_VREFBUF_VoltageScalingConfig	16	static
../Drivers/STM32G4xx_HAL_Driver/Src/stm32g4xx_hal.c:638:6:HAL_SYSCFG_VREFBUF_HighImpedanceConfig	16	static
../Drivers/STM32G4xx_HAL_Driver/Src/stm32g4xx_hal.c:652:6:HAL_SYSCFG_VREFBUF_TrimmingConfig	16	static
../Drivers/STM32G4xx_HAL_Driver/Src/stm32g4xx_hal.c:664:19:HAL_SYSCFG_EnableVREFBUF	16	static
../Drivers/STM32G4xx_HAL_Driver/Src/stm32g4xx_hal.c:690:6:HAL_SYSCFG_DisableVREFBUF	4	static
../Drivers/STM32G4xx_HAL_Driver/Src/stm32g4xx_hal.c:701:6:HAL_SYSCFG_EnableIOSwitchBooster	4	static
../Drivers/STM32G4xx_HAL_Driver/Src/stm32g4xx_hal.c:711:6:HAL_SYSCFG_DisableIOSwitchBooster	4	static
../Drivers/STM32G4xx_HAL_Driver/Src/stm32g4xx_hal.c:721:6:HAL_SYSCFG_EnableIOSwitchVDD	4	static
../Drivers/STM32G4xx_HAL_Driver/Src/stm32g4xx_hal.c:731:6:HAL_SYSCFG_DisableIOSwitchVDD	4	static
../Drivers/STM32G4xx_HAL_Driver/Src/stm32g4xx_hal.c:741:6:HAL_SYSCFG_CCMSRAM_WriteProtectionEnable	16	static
