../Drivers/STM32G4xx_HAL_Driver/Src/stm32g4xx_hal_pwr_ex.c:86:10:HAL_PWREx_GetVoltageRange	4	static
../Drivers/STM32G4xx_HAL_Driver/Src/stm32g4xx_hal_pwr_ex.c:130:19:HAL_PWREx_ControlVoltageScaling	24	static
../Drivers/STM32G4xx_HAL_Driver/Src/stm32g4xx_hal_pwr_ex.c:215:6:HAL_PWREx_EnableBatteryCharging	16	static
../Drivers/STM32G4xx_HAL_Driver/Src/stm32g4xx_hal_pwr_ex.c:231:6:HAL_PWREx_DisableBatteryCharging	4	static
../Drivers/STM32G4xx_HAL_Driver/Src/stm32g4xx_hal_pwr_ex.c:241:6:HAL_PWREx_EnableInternalWakeUpLine	4	static
../Drivers/STM32G4xx_HAL_Driver/Src/stm32g4xx_hal_pwr_ex.c:251:6:HAL_PWREx_DisableInternalWakeUpLine	4	static
../Drivers/STM32G4xx_HAL_Driver/Src/stm32g4xx_hal_pwr_ex.c:279:19:HAL_PWREx_EnableGPIOPullUp	24	static
../Drivers/STM32G4xx_HAL_Driver/Src/stm32g4xx_hal_pwr_ex.c:340:19:HAL_PWREx_DisableGPIOPullUp	24	static
../Drivers/STM32G4xx_HAL_Driver/Src/stm32g4xx_hal_pwr_ex.c:401:19:HAL_PWREx_EnableGPIOPullDown	24	static
../Drivers/STM32G4xx_HAL_Driver/Src/stm32g4xx_hal_pwr_ex.c:462:19:HAL_PWREx_DisableGPIOPullDown	24	static
../Drivers/STM32G4xx_HAL_Driver/Src/stm32g4xx_hal_pwr_ex.c:512:6:HAL_PWREx_EnablePullUpPullDownConfig	4	static
../Drivers/STM32G4xx_HAL_Driver/Src/stm32g4xx_hal_pwr_ex.c:524:6:HAL_PWREx_DisablePullUpPullDownConfig	4	static
../Drivers/STM32G4xx_HAL_Driver/Src/stm32g4xx_hal_pwr_ex.c:537:6:HAL_PWREx_EnableSRAM2ContentRetention	4	static
../Drivers/STM32G4xx_HAL_Driver/Src/stm32g4xx_hal_pwr_ex.c:549:6:HAL_PWREx_DisableSRAM2ContentRetention	4	static
../Drivers/STM32G4xx_HAL_Driver/Src/stm32g4xx_hal_pwr_ex.c:562:6:HAL_PWREx_EnablePVM1	4	static
../Drivers/STM32G4xx_HAL_Driver/Src/stm32g4xx_hal_pwr_ex.c:571:6:HAL_PWREx_DisablePVM1	4	static
../Drivers/STM32G4xx_HAL_Driver/Src/stm32g4xx_hal_pwr_ex.c:583:6:HAL_PWREx_EnablePVM2	4	static
../Drivers/STM32G4xx_HAL_Driver/Src/stm32g4xx_hal_pwr_ex.c:592:6:HAL_PWREx_DisablePVM2	4	static
../Drivers/STM32G4xx_HAL_Driver/Src/stm32g4xx_hal_pwr_ex.c:603:6:HAL_PWREx_EnablePVM3	4	static
../Drivers/STM32G4xx_HAL_Driver/Src/stm32g4xx_hal_pwr_ex.c:612:6:HAL_PWREx_DisablePVM3	4	static
../Drivers/STM32G4xx_HAL_Driver/Src/stm32g4xx_hal_pwr_ex.c:622:6:HAL_PWREx_EnablePVM4	4	static
../Drivers/STM32G4xx_HAL_Driver/Src/stm32g4xx_hal_pwr_ex.c:631:6:HAL_PWREx_DisablePVM4	4	static
../Drivers/STM32G4xx_HAL_Driver/Src/stm32g4xx_hal_pwr_ex.c:651:19:HAL_PWREx_ConfigPVM	24	static
../Drivers/STM32G4xx_HAL_Driver/Src/stm32g4xx_hal_pwr_ex.c:812:6:HAL_PWREx_EnableLowPowerRunMode	4	static
../Drivers/STM32G4xx_HAL_Driver/Src/stm32g4xx_hal_pwr_ex.c:827:19:HAL_PWREx_DisableLowPowerRunMode	16	static
../Drivers/STM32G4xx_HAL_Driver/Src/stm32g4xx_hal_pwr_ex.c:871:6:HAL_PWREx_EnterSTOP0Mode	16	static,ignoring_inline_asm
../Drivers/STM32G4xx_HAL_Driver/Src/stm32g4xx_hal_pwr_ex.c:922:6:HAL_PWREx_EnterSTOP1Mode	16	static,ignoring_inline_asm
../Drivers/STM32G4xx_HAL_Driver/Src/stm32g4xx_hal_pwr_ex.c:963:6:HAL_PWREx_EnterSHUTDOWNMode	4	static,ignoring_inline_asm
../Drivers/STM32G4xx_HAL_Driver/Src/stm32g4xx_hal_pwr_ex.c:988:6:HAL_PWREx_PVD_PVM_IRQHandler	8	static
../Drivers/STM32G4xx_HAL_Driver/Src/stm32g4xx_hal_pwr_ex.c:1044:13:HAL_PWREx_PVM1Callback	4	static
../Drivers/STM32G4xx_HAL_Driver/Src/stm32g4xx_hal_pwr_ex.c:1057:13:HAL_PWREx_PVM2Callback	4	static
../Drivers/STM32G4xx_HAL_Driver/Src/stm32g4xx_hal_pwr_ex.c:1069:13:HAL_PWREx_PVM3Callback	4	static
../Drivers/STM32G4xx_HAL_Driver/Src/stm32g4xx_hal_pwr_ex.c:1080:13:HAL_PWREx_PVM4Callback	4	static
../Drivers/STM32G4xx_HAL_Driver/Src/stm32g4xx_hal_pwr_ex.c:1092:6:HAL_PWREx_EnableUCPDStandbyMode	4	static
../Drivers/STM32G4xx_HAL_Driver/Src/stm32g4xx_hal_pwr_ex.c:1104:6:HAL_PWREx_DisableUCPDStandbyMode	4	static
../Drivers/STM32G4xx_HAL_Driver/Src/stm32g4xx_hal_pwr_ex.c:1118:6:HAL_PWREx_EnableUCPDDeadBattery	4	static
../Drivers/STM32G4xx_HAL_Driver/Src/stm32g4xx_hal_pwr_ex.c:1134:6:HAL_PWREx_DisableUCPDDeadBattery	4	static
