../Drivers/STM32G4xx_HAL_Driver/Src/stm32g4xx_hal_rcc_ex.c:100:19:HAL_RCCEx_PeriphCLKConfig	32	static
../Drivers/STM32G4xx_HAL_Driver/Src/stm32g4xx_hal_rcc_ex.c:474:6:HAL_RCCEx_GetPeriphCLKConfig	16	static
../Drivers/STM32G4xx_HAL_Driver/Src/stm32g4xx_hal_rcc_ex.c:661:10:HAL_RCCEx_GetPeriphCLKFreq	40	static
../Drivers/STM32G4xx_HAL_Driver/Src/stm32g4xx_hal_rcc_ex.c:1311:6:HAL_RCCEx_EnableLSECSS	4	static
../Drivers/STM32G4xx_HAL_Driver/Src/stm32g4xx_hal_rcc_ex.c:1321:6:HAL_RCCEx_DisableLSECSS	4	static
../Drivers/STM32G4xx_HAL_Driver/Src/stm32g4xx_hal_rcc_ex.c:1334:6:HAL_RCCEx_EnableLSECSS_IT	4	static
../Drivers/STM32G4xx_HAL_Driver/Src/stm32g4xx_hal_rcc_ex.c:1351:6:HAL_RCCEx_LSECSS_IRQHandler	8	static
../Drivers/STM32G4xx_HAL_Driver/Src/stm32g4xx_hal_rcc_ex.c:1368:13:HAL_RCCEx_LSECSS_Callback	4	static
../Drivers/STM32G4xx_HAL_Driver/Src/stm32g4xx_hal_rcc_ex.c:1383:6:HAL_RCCEx_EnableLSCO	48	static
../Drivers/STM32G4xx_HAL_Driver/Src/stm32g4xx_hal_rcc_ex.c:1430:6:HAL_RCCEx_DisableLSCO	16	static
../Drivers/STM32G4xx_HAL_Driver/Src/stm32g4xx_hal_rcc_ex.c:1538:6:HAL_RCCEx_CRSConfig	24	static
../Drivers/STM32G4xx_HAL_Driver/Src/stm32g4xx_hal_rcc_ex.c:1580:6:HAL_RCCEx_CRSSoftwareSynchronizationGenerate	4	static
../Drivers/STM32G4xx_HAL_Driver/Src/stm32g4xx_hal_rcc_ex.c:1590:6:HAL_RCCEx_CRSGetSynchronizationInfo	16	static
../Drivers/STM32G4xx_HAL_Driver/Src/stm32g4xx_hal_rcc_ex.c:1623:10:HAL_RCCEx_CRSWaitSynchronization	24	static
../Drivers/STM32G4xx_HAL_Driver/Src/stm32g4xx_hal_rcc_ex.c:1706:6:HAL_RCCEx_CRS_IRQHandler	24	static
../Drivers/STM32G4xx_HAL_Driver/Src/stm32g4xx_hal_rcc_ex.c:1771:13:HAL_RCCEx_CRS_SyncOkCallback	4	static
../Drivers/STM32G4xx_HAL_Driver/Src/stm32g4xx_hal_rcc_ex.c:1782:13:HAL_RCCEx_CRS_SyncWarnCallback	4	static
../Drivers/STM32G4xx_HAL_Driver/Src/stm32g4xx_hal_rcc_ex.c:1793:13:HAL_RCCEx_CRS_ExpectedSyncCallback	4	static
../Drivers/STM32G4xx_HAL_Driver/Src/stm32g4xx_hal_rcc_ex.c:1809:13:HAL_RCCEx_CRS_ErrorCallback	16	static
